[dotenv@17.3.1] injecting env (13) from .env.local -- tip: ≡ƒöÉ prevent committing .env to code: https://dotenvx.com/precommit
--- Starting Loyalty Points E2E Backend Verify ---
node : C:\Users\pc\.gemini\antigravity
\scratch\ambajizon\test_loyalty.js:48
At line:1 char:1
+ node test_loyalty.js > test.log 
2>&1; type test.log
+ ~~~~~~~~~~~~~~~~~~~~~~~~~~~~~~~~~~~~
    + CategoryInfo          : NotSpec 
   ified: (C:\Users\pc\.ge...t_loyal  
  ty.js:48:String) [], RemoteExcept   
 ion
    + FullyQualifiedErrorId : NativeC 
   ommandError
 
        if (addrErr) throw new 
Error("Could not create address: " + 
JSON.stringify(addrErr));
                           ^

Error: Could not create address: {"cod
e":"PGRST205","details":null,"hint":"P
erhaps you meant the table 'public.cus
tomer_notes'","message":"Could not 
find the table 
'public.customer_addresses' in the 
schema cache"}
    at runTest (C:\Users\pc\.gemini\an
tigravity\scratch\ambajizon\test_loyal
ty.js:48:28)
    at 
process.processTicksAndRejections (nod
e:internal/process/task_queues:103:5)

Node.js v25.2.1
